Using pre-set license
Built from '2022.3/release' branch; Version is '2022.3.61f1 (6c53ebaf375d) revision 7099371'; Using compiler version '192829333'; Build Type 'Release'
OS: 'Windows 11  (10.0.26100) 64bit Professional' Language: 'ko' Physical Memory: 32609 MB
BatchMode: 1, IsHumanControllingUs: 0, StartBugReporterOnCrash: 0, Is64bit: 1, IsPro: 1

COMMAND LINE ARGUMENTS:
C:\Program Files\Unity\Hub\Editor\2022.3.61f1\Editor\Unity.exe
-adb2
-batchMode
-noUpm
-name
AssetImportWorker1
-projectPath
C:/Users/plusf/Desktop/GP06/ProjectGame
-logFile
Logs/AssetImportWorker1.log
-srvPort
2550
Successfully changed project path to: C:/Users/plusf/Desktop/GP06/ProjectGame
C:/Users/plusf/Desktop/GP06/ProjectGame
[UnityMemory] Configuration Parameters - Can be set up in boot.config
    "memorysetup-bucket-allocator-granularity=16"
    "memorysetup-bucket-allocator-bucket-count=8"
    "memorysetup-bucket-allocator-block-size=33554432"
    "memorysetup-bucket-allocator-block-count=8"
    "memorysetup-main-allocator-block-size=16777216"
    "memorysetup-thread-allocator-block-size=16777216"
    "memorysetup-gfx-main-allocator-block-size=16777216"
    "memorysetup-gfx-thread-allocator-block-size=16777216"
    "memorysetup-cache-allocator-block-size=4194304"
    "memorysetup-typetree-allocator-block-size=2097152"
    "memorysetup-profiler-bucket-allocator-granularity=16"
    "memorysetup-profiler-bucket-allocator-bucket-count=8"
    "memorysetup-profiler-bucket-allocator-block-size=33554432"
    "memorysetup-profiler-bucket-allocator-block-count=8"
    "memorysetup-profiler-allocator-block-size=16777216"
    "memorysetup-profiler-editor-allocator-block-size=1048576"
    "memorysetup-temp-allocator-size-main=16777216"
    "memorysetup-job-temp-allocator-block-size=2097152"
    "memorysetup-job-temp-allocator-block-size-background=1048576"
    "memorysetup-job-temp-allocator-reduction-small-platforms=262144"
    "memorysetup-allocator-temp-initial-block-size-main=262144"
    "memorysetup-allocator-temp-initial-block-size-worker=262144"
    "memorysetup-temp-allocator-size-background-worker=32768"
    "memorysetup-temp-allocator-size-job-worker=262144"
    "memorysetup-temp-allocator-size-preload-manager=33554432"
    "memorysetup-temp-allocator-size-nav-mesh-worker=65536"
    "memorysetup-temp-allocator-size-audio-worker=65536"
    "memorysetup-temp-allocator-size-cloud-worker=32768"
    "memorysetup-temp-allocator-size-gi-baking-worker=262144"
    "memorysetup-temp-allocator-size-gfx=262144"
Player connection [20132]  Target information:

Player connection [20132]  * "[IP] 192.168.45.111 [Port] 0 [Flags] 2 [Guid] 253808782 [EditorId] 253808782 [Version] 1048832 [Id] WindowsEditor(7,SYM) [Debug] 1 [PackageName] WindowsEditor [ProjectName] Editor" 

Player connection [20132]  * "[IP] 169.254.123.190 [Port] 0 [Flags] 2 [Guid] 253808782 [EditorId] 253808782 [Version] 1048832 [Id] WindowsEditor(7,SYM) [Debug] 1 [PackageName] WindowsEditor [ProjectName] Editor" 

Player connection [20132] Host joined multi-casting on [225.0.0.222:54997]...
Player connection [20132] Host joined alternative multi-casting on [225.0.0.222:34997]...
Input System module state changed to: Initialized.
[PhysX] Initialized MultithreadedTaskDispatcher with 20 workers.
Refreshing native plugins compatible for Editor in 5.60 ms, found 3 plugins.
Preloading 0 native plugins for Editor in 0.00 ms.
Initialize engine version: 2022.3.61f1 (6c53ebaf375d)
[Subsystems] Discovering subsystems at path C:/Program Files/Unity/Hub/Editor/2022.3.61f1/Editor/Data/Resources/UnitySubsystems
[Subsystems] Discovering subsystems at path C:/Users/plusf/Desktop/GP06/ProjectGame/Assets
GfxDevice: creating device client; threaded=0; jobified=0
Direct3D:
    Version:  Direct3D 11.0 [level 11.1]
    Renderer: NVIDIA GeForce RTX 3060 Ti (ID=0x2489)
    Vendor:   NVIDIA
    VRAM:     8024 MB
    Driver:   32.0.15.6094
Initialize mono
Mono path[0] = 'C:/Program Files/Unity/Hub/Editor/2022.3.61f1/Editor/Data/Managed'
Mono path[1] = 'C:/Program Files/Unity/Hub/Editor/2022.3.61f1/Editor/Data/MonoBleedingEdge/lib/mono/unityjit-win32'
Mono config path = 'C:/Program Files/Unity/Hub/Editor/2022.3.61f1/Editor/Data/MonoBleedingEdge/etc'
Using monoOptions --debugger-agent=transport=dt_socket,embedding=1,server=y,suspend=n,address=127.0.0.1:56116
Begin MonoManager ReloadAssembly
Registering precompiled unity dll's ...
Register platform support module: C:/Program Files/Unity/Hub/Editor/2022.3.61f1/Editor/Data/PlaybackEngines/WindowsStandaloneSupport/UnityEditor.WindowsStandalone.Extensions.dll
Registered in 0.004632 seconds.
- Loaded All Assemblies, in  0.261 seconds
Native extension for WindowsStandalone target not found
Mono: successfully reloaded assembly
- Finished resetting the current domain, in  0.198 seconds
Domain Reload Profiling: 459ms
	BeginReloadAssembly (85ms)
		ExecutionOrderSort (0ms)
		DisableScriptedObjects (0ms)
		BackupInstance (0ms)
		ReleaseScriptingObjects (0ms)
		CreateAndSetChildDomain (1ms)
	RebuildCommonClasses (24ms)
	RebuildNativeTypeToScriptingClass (7ms)
	initialDomainReloadingComplete (44ms)
	LoadAllAssembliesAndSetupDomain (101ms)
		LoadAssemblies (83ms)
		RebuildTransferFunctionScriptingTraits (0ms)
		AnalyzeDomain (99ms)
			TypeCache.Refresh (98ms)
				TypeCache.ScanAssembly (88ms)
			ScanForSourceGeneratedMonoScriptInfo (0ms)
			ResolveRequiredComponents (0ms)
	FinalizeReload (199ms)
		ReleaseScriptCaches (0ms)
		RebuildScriptCaches (0ms)
		SetupLoadedEditorAssemblies (164ms)
			LogAssemblyErrors (0ms)
			InitializePlatformSupportModulesInManaged (8ms)
			SetLoadedEditorAssemblies (6ms)
			RefreshPlugins (0ms)
			BeforeProcessingInitializeOnLoad (2ms)
			ProcessInitializeOnLoadAttributes (112ms)
			ProcessInitializeOnLoadMethodAttributes (36ms)
			AfterProcessingInitializeOnLoad (0ms)
			EditorAssembliesLoaded (0ms)
		ExecutionOrderSort2 (0ms)
		AwakeInstancesAfterBackupRestoration (0ms)
========================================================================
Worker process is ready to serve import requests
Caller must complete domain reload
Begin MonoManager ReloadAssembly
- Loaded All Assemblies, in  0.452 seconds
Native extension for WindowsStandalone target not found
Mono: successfully reloaded assembly
- Finished resetting the current domain, in  0.402 seconds
Domain Reload Profiling: 852ms
	BeginReloadAssembly (109ms)
		ExecutionOrderSort (0ms)
		DisableScriptedObjects (4ms)
		BackupInstance (0ms)
		ReleaseScriptingObjects (0ms)
		CreateAndSetChildDomain (16ms)
	RebuildCommonClasses (24ms)
	RebuildNativeTypeToScriptingClass (7ms)
	initialDomainReloadingComplete (31ms)
	LoadAllAssembliesAndSetupDomain (279ms)
		LoadAssemblies (219ms)
		RebuildTransferFunctionScriptingTraits (0ms)
		AnalyzeDomain (124ms)
			TypeCache.Refresh (109ms)
				TypeCache.ScanAssembly (97ms)
			ScanForSourceGeneratedMonoScriptInfo (11ms)
			ResolveRequiredComponents (3ms)
	FinalizeReload (402ms)
		ReleaseScriptCaches (0ms)
		RebuildScriptCaches (0ms)
		SetupLoadedEditorAssemblies (305ms)
			LogAssemblyErrors (0ms)
			InitializePlatformSupportModulesInManaged (5ms)
			SetLoadedEditorAssemblies (2ms)
			RefreshPlugins (0ms)
			BeforeProcessingInitializeOnLoad (44ms)
			ProcessInitializeOnLoadAttributes (231ms)
			ProcessInitializeOnLoadMethodAttributes (17ms)
			AfterProcessingInitializeOnLoad (5ms)
			EditorAssembliesLoaded (0ms)
		ExecutionOrderSort2 (0ms)
		AwakeInstancesAfterBackupRestoration (5ms)
Launched and connected shader compiler UnityShaderCompiler.exe after 0.03 seconds
Refreshing native plugins compatible for Editor in 2.41 ms, found 3 plugins.
Preloading 0 native plugins for Editor in 0.00 ms.
Unloading 3131 Unused Serialized files (Serialized files now loaded: 0)
Unloading 19 unused Assets / (54.5 KB). Loaded Objects now: 3598.
Memory consumption went from 120.0 MB to 120.0 MB.
Total: 2.395200 ms (FindLiveObjects: 0.190700 ms CreateObjectMapping: 0.081600 ms MarkObjects: 2.039100 ms  DeleteObjects: 0.082500 ms)

AssetImportParameters requested are different than current active one (requested -> active):
  custom:container-demuxer-ogg: 62fdf1f143b41e24485cea50d1cbac27 -> 
  custom:video-decoder-ogg-theora: a1e56fd34408186e4bbccfd4996cb3dc -> 
  custom:framework-win-MediaFoundation: 216162199b28c13a410421893ffa2e32 -> 
  custom:CustomObjectIndexerAttribute: 9a22284fe3817be447336de3de66b15e -> 
  custom:container-demuxer-webm: 4f35f7cbe854078d1ac9338744f61a02 -> 
  custom:container-muxer-webm: aa71ff27fc2769a1b78a27578f13a17b -> 
  custom:video-decoder-webm-vp8: 9c59270c3fd7afecdb556c50c9e8de78 -> 
  custom:SearchIndexIgnoredProperties: e643bd26f0fe6173181afceb89e7c659 -> 
  custom:AudioImporter_EditorPlatform: d09bf68614088b80899f8185d706f6e7 -> 
  custom:video-encoder-webm-vp8: eb34c28f22e8b96e1ab97ce403110664 -> 
  custom:audio-decoder-ogg-vorbis: bf7c407c2cedff20999df2af8eb42d56 -> 
  custom:audio-encoder-webm-vorbis: bf7c407c2cedff20999df2af8eb42d56 -> 
========================================================================
Received Import Request.
  Time since last request: 45146.399542 seconds.
  path: Assets/Class6th (Animator Controller)
  artifactKey: Guid(b3f086040df81564981e7b003cccd04a) Importer(815301076,1909f56bfc062723c751e8b465ee728b)
Start importing Assets/Class6th (Animator Controller) using Guid(b3f086040df81564981e7b003cccd04a) Importer(815301076,1909f56bfc062723c751e8b465ee728b) [PhysX] Initialized MultithreadedTaskDispatcher with 20 workers.
 -> (artifact id: 'ac47d26bab371b1a62f3b026c84d52f9') in 0.002462 seconds
Number of updated asset objects reloaded before import = 0
Number of asset objects unloaded after import = 0
========================================================================
Received Import Request.
  Time since last request: 1044.907359 seconds.
  path: Assets/Class6th (Animator Controller)/Textures/Remy_Body_Diffuse.png
  artifactKey: Guid(346b4e34136d33c46945669271383068) Importer(815301076,1909f56bfc062723c751e8b465ee728b)
Start importing Assets/Class6th (Animator Controller)/Textures/Remy_Body_Diffuse.png using Guid(346b4e34136d33c46945669271383068) Importer(815301076,1909f56bfc062723c751e8b465ee728b) [PhysX] Initialized MultithreadedTaskDispatcher with 20 workers.
[PhysX] Initialized MultithreadedTaskDispatcher with 20 workers.
 -> (artifact id: '794f5c9162a8a832794bf3b15da87c16') in 0.080594 seconds
Number of updated asset objects reloaded before import = 0
Number of asset objects unloaded after import = 2
========================================================================
Received Import Request.
  Time since last request: 0.000030 seconds.
  path: Assets/Class6th (Animator Controller)/Textures/Remy_Body_Specular.png
  artifactKey: Guid(204e8dbbd7949884bbe76168ffe7f2ce) Importer(815301076,1909f56bfc062723c751e8b465ee728b)
Start importing Assets/Class6th (Animator Controller)/Textures/Remy_Body_Specular.png using Guid(204e8dbbd7949884bbe76168ffe7f2ce) Importer(815301076,1909f56bfc062723c751e8b465ee728b) [PhysX] Initialized MultithreadedTaskDispatcher with 20 workers.
[PhysX] Initialized MultithreadedTaskDispatcher with 20 workers.
 -> (artifact id: '0c28e9a9fac960b07bea3bf560053a42') in 0.015693 seconds
Number of updated asset objects reloaded before import = 0
Number of asset objects unloaded after import = 2
========================================================================
Received Import Request.
  Time since last request: 0.000033 seconds.
  path: Assets/Class6th (Animator Controller)/Textures/Remy_Bottom_Diffuse.png
  artifactKey: Guid(4bbe0be862004694f88a5f492b5c7672) Importer(815301076,1909f56bfc062723c751e8b465ee728b)
Start importing Assets/Class6th (Animator Controller)/Textures/Remy_Bottom_Diffuse.png using Guid(4bbe0be862004694f88a5f492b5c7672) Importer(815301076,1909f56bfc062723c751e8b465ee728b) [PhysX] Initialized MultithreadedTaskDispatcher with 20 workers.
[PhysX] Initialized MultithreadedTaskDispatcher with 20 workers.
 -> (artifact id: 'd8047f84cdc33f63c35f8cd702732ed1') in 0.012084 seconds
Number of updated asset objects reloaded before import = 0
Number of asset objects unloaded after import = 2
========================================================================
Received Import Request.
  Time since last request: 0.000024 seconds.
  path: Assets/Class6th (Animator Controller)/Textures/Remy_Shoes_Gloss.png
  artifactKey: Guid(e8f07b661fee0e140b8248c62ec2fe9c) Importer(815301076,1909f56bfc062723c751e8b465ee728b)
Start importing Assets/Class6th (Animator Controller)/Textures/Remy_Shoes_Gloss.png using Guid(e8f07b661fee0e140b8248c62ec2fe9c) Importer(815301076,1909f56bfc062723c751e8b465ee728b) [PhysX] Initialized MultithreadedTaskDispatcher with 20 workers.
[PhysX] Initialized MultithreadedTaskDispatcher with 20 workers.
 -> (artifact id: '790252487ef1356a0699dc7492b48b39') in 0.014291 seconds
Number of updated asset objects reloaded before import = 0
Number of asset objects unloaded after import = 2
========================================================================
Received Import Request.
  Time since last request: 0.000032 seconds.
  path: Assets/Class6th (Animator Controller)/Textures/Remy_Top_Specular.png
  artifactKey: Guid(32c4fbd92dd18694ca5431112a00b282) Importer(815301076,1909f56bfc062723c751e8b465ee728b)
Start importing Assets/Class6th (Animator Controller)/Textures/Remy_Top_Specular.png using Guid(32c4fbd92dd18694ca5431112a00b282) Importer(815301076,1909f56bfc062723c751e8b465ee728b) [PhysX] Initialized MultithreadedTaskDispatcher with 20 workers.
[PhysX] Initialized MultithreadedTaskDispatcher with 20 workers.
 -> (artifact id: '5381493c5a836287debffa72adf5ff77') in 0.012419 seconds
Number of updated asset objects reloaded before import = 0
Number of asset objects unloaded after import = 2
========================================================================
Received Import Request.
  Time since last request: 0.000022 seconds.
  path: Assets/Class6th (Animator Controller)/Textures/Remy_Shoes_Normal.png
  artifactKey: Guid(b7eecb1705e748b4a8389068fbf163d6) Importer(815301076,1909f56bfc062723c751e8b465ee728b)
Start importing Assets/Class6th (Animator Controller)/Textures/Remy_Shoes_Normal.png using Guid(b7eecb1705e748b4a8389068fbf163d6) Importer(815301076,1909f56bfc062723c751e8b465ee728b) [PhysX] Initialized MultithreadedTaskDispatcher with 20 workers.
[PhysX] Initialized MultithreadedTaskDispatcher with 20 workers.
 -> (artifact id: '926f68273a38d0d60ccf5848dd2b1bf4') in 0.014466 seconds
Number of updated asset objects reloaded before import = 0
Number of asset objects unloaded after import = 2
========================================================================
Received Import Request.
  Time since last request: 0.000019 seconds.
  path: Assets/Class6th (Animator Controller)/Textures/Remy_Top_Normal.png
  artifactKey: Guid(bd9022b30dd19204ba5e8cde5e7748ed) Importer(815301076,1909f56bfc062723c751e8b465ee728b)
Start importing Assets/Class6th (Animator Controller)/Textures/Remy_Top_Normal.png using Guid(bd9022b30dd19204ba5e8cde5e7748ed) Importer(815301076,1909f56bfc062723c751e8b465ee728b) [PhysX] Initialized MultithreadedTaskDispatcher with 20 workers.
[PhysX] Initialized MultithreadedTaskDispatcher with 20 workers.
 -> (artifact id: '9d32ed8f278029adf77d19dcc5aa75a4') in 0.013646 seconds
Number of updated asset objects reloaded before import = 0
Number of asset objects unloaded after import = 2
========================================================================
Received Import Request.
  Time since last request: 0.000027 seconds.
  path: Assets/Class6th (Animator Controller)/Textures/Remy_Bottom_Gloss.png
  artifactKey: Guid(4e3bd039464607c4fb72135cb977d121) Importer(815301076,1909f56bfc062723c751e8b465ee728b)
Start importing Assets/Class6th (Animator Controller)/Textures/Remy_Bottom_Gloss.png using Guid(4e3bd039464607c4fb72135cb977d121) Importer(815301076,1909f56bfc062723c751e8b465ee728b) [PhysX] Initialized MultithreadedTaskDispatcher with 20 workers.
[PhysX] Initialized MultithreadedTaskDispatcher with 20 workers.
 -> (artifact id: 'a0702f7fe4eb8bbf3d48a4e1b7d8fe0f') in 0.016033 seconds
Number of updated asset objects reloaded before import = 0
Number of asset objects unloaded after import = 2
========================================================================
Received Import Request.
  Time since last request: 0.000020 seconds.
  path: Assets/Class6th (Animator Controller)/Textures/Remy_Body_Opacity.png
  artifactKey: Guid(a66b0b97cc4748c4586aea26c3afaee3) Importer(815301076,1909f56bfc062723c751e8b465ee728b)
Start importing Assets/Class6th (Animator Controller)/Textures/Remy_Body_Opacity.png using Guid(a66b0b97cc4748c4586aea26c3afaee3) Importer(815301076,1909f56bfc062723c751e8b465ee728b) [PhysX] Initialized MultithreadedTaskDispatcher with 20 workers.
[PhysX] Initialized MultithreadedTaskDispatcher with 20 workers.
 -> (artifact id: '9f084645f534369eb1cd27c7c1c3c6a2') in 0.012100 seconds
Number of updated asset objects reloaded before import = 0
Number of asset objects unloaded after import = 2
========================================================================
Received Import Request.
  Time since last request: 0.000018 seconds.
  path: Assets/Class6th (Animator Controller)/Textures/Remy_Top_Gloss.png
  artifactKey: Guid(07ccfe2a0f00b46418511fa425b311a4) Importer(815301076,1909f56bfc062723c751e8b465ee728b)
Start importing Assets/Class6th (Animator Controller)/Textures/Remy_Top_Gloss.png using Guid(07ccfe2a0f00b46418511fa425b311a4) Importer(815301076,1909f56bfc062723c751e8b465ee728b) [PhysX] Initialized MultithreadedTaskDispatcher with 20 workers.
[PhysX] Initialized MultithreadedTaskDispatcher with 20 workers.
 -> (artifact id: 'e11e2a5c929bf66024aa5652213a301d') in 0.012024 seconds
Number of updated asset objects reloaded before import = 0
Number of asset objects unloaded after import = 2
========================================================================
Received Import Request.
  Time since last request: 0.000018 seconds.
  path: Assets/Class6th (Animator Controller)/Textures/Remy_Shoes_Diffuse.png
  artifactKey: Guid(6a1cb5626b085a04ca26875bdfbd1cd3) Importer(815301076,1909f56bfc062723c751e8b465ee728b)
Start importing Assets/Class6th (Animator Controller)/Textures/Remy_Shoes_Diffuse.png using Guid(6a1cb5626b085a04ca26875bdfbd1cd3) Importer(815301076,1909f56bfc062723c751e8b465ee728b) [PhysX] Initialized MultithreadedTaskDispatcher with 20 workers.
[PhysX] Initialized MultithreadedTaskDispatcher with 20 workers.
 -> (artifact id: 'cd01b9b2b212c54d60f44017c94d7122') in 0.011047 seconds
Number of updated asset objects reloaded before import = 0
Number of asset objects unloaded after import = 2
========================================================================
Received Import Request.
  Time since last request: 0.000023 seconds.
  path: Assets/Class6th (Animator Controller)/Textures/Remy_Body_Gloss.png
  artifactKey: Guid(70740f69e4450a14fb9bdab6da69f4ea) Importer(815301076,1909f56bfc062723c751e8b465ee728b)
Start importing Assets/Class6th (Animator Controller)/Textures/Remy_Body_Gloss.png using Guid(70740f69e4450a14fb9bdab6da69f4ea) Importer(815301076,1909f56bfc062723c751e8b465ee728b) [PhysX] Initialized MultithreadedTaskDispatcher with 20 workers.
[PhysX] Initialized MultithreadedTaskDispatcher with 20 workers.
 -> (artifact id: '94e49f66cc7545167dd54ac836249354') in 0.013522 seconds
Number of updated asset objects reloaded before import = 0
Number of asset objects unloaded after import = 2
========================================================================
Received Import Request.
  Time since last request: 0.000022 seconds.
  path: Assets/Class6th (Animator Controller)/Textures/Remy_Hair_Specular.png
  artifactKey: Guid(c49e7799c0bb68440bc50f8ce292bc34) Importer(815301076,1909f56bfc062723c751e8b465ee728b)
Start importing Assets/Class6th (Animator Controller)/Textures/Remy_Hair_Specular.png using Guid(c49e7799c0bb68440bc50f8ce292bc34) Importer(815301076,1909f56bfc062723c751e8b465ee728b) [PhysX] Initialized MultithreadedTaskDispatcher with 20 workers.
[PhysX] Initialized MultithreadedTaskDispatcher with 20 workers.
 -> (artifact id: '48f50f2930b44018d68c3b0e5b3a5267') in 0.012339 seconds
Number of updated asset objects reloaded before import = 0
Number of asset objects unloaded after import = 2
========================================================================
Received Import Request.
  Time since last request: 0.000051 seconds.
  path: Assets/Class6th (Animator Controller)/Textures/Remy_Hair_Gloss.png
  artifactKey: Guid(4983c7869c8a9f74a92f52dcdab3eaea) Importer(815301076,1909f56bfc062723c751e8b465ee728b)
Start importing Assets/Class6th (Animator Controller)/Textures/Remy_Hair_Gloss.png using Guid(4983c7869c8a9f74a92f52dcdab3eaea) Importer(815301076,1909f56bfc062723c751e8b465ee728b) [PhysX] Initialized MultithreadedTaskDispatcher with 20 workers.
[PhysX] Initialized MultithreadedTaskDispatcher with 20 workers.
 -> (artifact id: 'f7d77946739db1cb5c041955fb8aa5af') in 0.013864 seconds
Number of updated asset objects reloaded before import = 0
Number of asset objects unloaded after import = 2
========================================================================
Received Import Request.
  Time since last request: 0.000018 seconds.
  path: Assets/Class6th (Animator Controller)/Textures/Remy_Top_Diffuse.png
  artifactKey: Guid(13bde374c7faf044ea7c78a5678d341f) Importer(815301076,1909f56bfc062723c751e8b465ee728b)
Start importing Assets/Class6th (Animator Controller)/Textures/Remy_Top_Diffuse.png using Guid(13bde374c7faf044ea7c78a5678d341f) Importer(815301076,1909f56bfc062723c751e8b465ee728b) [PhysX] Initialized MultithreadedTaskDispatcher with 20 workers.
[PhysX] Initialized MultithreadedTaskDispatcher with 20 workers.
 -> (artifact id: '9e6df451cac182f01b57f873ff87da76') in 0.016352 seconds
Number of updated asset objects reloaded before import = 0
Number of asset objects unloaded after import = 2
========================================================================
Received Import Request.
  Time since last request: 0.000039 seconds.
  path: Assets/Class6th (Animator Controller)/Textures/Remy_Hair_Opacity.png
  artifactKey: Guid(c20863bd3db76cb48bcce9013be86a8f) Importer(815301076,1909f56bfc062723c751e8b465ee728b)
Start importing Assets/Class6th (Animator Controller)/Textures/Remy_Hair_Opacity.png using Guid(c20863bd3db76cb48bcce9013be86a8f) Importer(815301076,1909f56bfc062723c751e8b465ee728b) [PhysX] Initialized MultithreadedTaskDispatcher with 20 workers.
[PhysX] Initialized MultithreadedTaskDispatcher with 20 workers.
 -> (artifact id: '44804853d6b233842ddedbcd3e47df52') in 0.014457 seconds
Number of updated asset objects reloaded before import = 0
Number of asset objects unloaded after import = 2
========================================================================
Received Import Request.
  Time since last request: 0.000017 seconds.
  path: Assets/Class6th (Animator Controller)/Textures/Remy_Hair_Normal.png
  artifactKey: Guid(e5caca5c59d34234386f17feacfcf754) Importer(815301076,1909f56bfc062723c751e8b465ee728b)
Start importing Assets/Class6th (Animator Controller)/Textures/Remy_Hair_Normal.png using Guid(e5caca5c59d34234386f17feacfcf754) Importer(815301076,1909f56bfc062723c751e8b465ee728b) [PhysX] Initialized MultithreadedTaskDispatcher with 20 workers.
[PhysX] Initialized MultithreadedTaskDispatcher with 20 workers.
 -> (artifact id: '76ff4d9d937268a0a64b239c6a8885e0') in 0.014302 seconds
Number of updated asset objects reloaded before import = 0
Number of asset objects unloaded after import = 2
========================================================================
Received Import Request.
  Time since last request: 0.000027 seconds.
  path: Assets/Class6th (Animator Controller)/Textures/Remy_Bottom_Specular.png
  artifactKey: Guid(d3c1127d43ca7414c86303b0da0bb2aa) Importer(815301076,1909f56bfc062723c751e8b465ee728b)
Start importing Assets/Class6th (Animator Controller)/Textures/Remy_Bottom_Specular.png using Guid(d3c1127d43ca7414c86303b0da0bb2aa) Importer(815301076,1909f56bfc062723c751e8b465ee728b) [PhysX] Initialized MultithreadedTaskDispatcher with 20 workers.
[PhysX] Initialized MultithreadedTaskDispatcher with 20 workers.
 -> (artifact id: '4631167e71fd8c37c33f3ddafe0ca46c') in 0.018782 seconds
Number of updated asset objects reloaded before import = 0
Number of asset objects unloaded after import = 2
========================================================================
Received Import Request.
  Time since last request: 0.000037 seconds.
  path: Assets/Class6th (Animator Controller)/Textures/Remy_Bottom_Normal.png
  artifactKey: Guid(f00b9b641e8f5c942af4bc0177a65087) Importer(815301076,1909f56bfc062723c751e8b465ee728b)
Start importing Assets/Class6th (Animator Controller)/Textures/Remy_Bottom_Normal.png using Guid(f00b9b641e8f5c942af4bc0177a65087) Importer(815301076,1909f56bfc062723c751e8b465ee728b) [PhysX] Initialized MultithreadedTaskDispatcher with 20 workers.
[PhysX] Initialized MultithreadedTaskDispatcher with 20 workers.
 -> (artifact id: '4bf3230cf0aebaf7b055661a08d8dba6') in 0.020056 seconds
Number of updated asset objects reloaded before import = 0
Number of asset objects unloaded after import = 2
========================================================================
Received Import Request.
  Time since last request: 0.000021 seconds.
  path: Assets/Class6th (Animator Controller)/Textures/Remy_Body_Normal.png
  artifactKey: Guid(0f2eb0811c099b44b8ecd22086f01d51) Importer(815301076,1909f56bfc062723c751e8b465ee728b)
Start importing Assets/Class6th (Animator Controller)/Textures/Remy_Body_Normal.png using Guid(0f2eb0811c099b44b8ecd22086f01d51) Importer(815301076,1909f56bfc062723c751e8b465ee728b) [PhysX] Initialized MultithreadedTaskDispatcher with 20 workers.
[PhysX] Initialized MultithreadedTaskDispatcher with 20 workers.
 -> (artifact id: '1b75155aa7add89a9961cb9cb9b84161') in 0.012791 seconds
Number of updated asset objects reloaded before import = 0
Number of asset objects unloaded after import = 2
========================================================================
Received Import Request.
  Time since last request: 0.000019 seconds.
  path: Assets/Class6th (Animator Controller)/Textures/Remy_Shoes_Specular.png
  artifactKey: Guid(191e66c7ebee1984d927a04a57f6e2b6) Importer(815301076,1909f56bfc062723c751e8b465ee728b)
Start importing Assets/Class6th (Animator Controller)/Textures/Remy_Shoes_Specular.png using Guid(191e66c7ebee1984d927a04a57f6e2b6) Importer(815301076,1909f56bfc062723c751e8b465ee728b) [PhysX] Initialized MultithreadedTaskDispatcher with 20 workers.
[PhysX] Initialized MultithreadedTaskDispatcher with 20 workers.
 -> (artifact id: 'de6bdfd84a9da5d83eeb23ecc170489b') in 0.014510 seconds
Number of updated asset objects reloaded before import = 0
Number of asset objects unloaded after import = 2
========================================================================
Received Import Request.
  Time since last request: 16.592938 seconds.
  path: Assets/Class6th (Animator Controller)/Textures/Remy_Shoes_Normal.png
  artifactKey: Guid(b7eecb1705e748b4a8389068fbf163d6) Importer(815301076,1909f56bfc062723c751e8b465ee728b)
Start importing Assets/Class6th (Animator Controller)/Textures/Remy_Shoes_Normal.png using Guid(b7eecb1705e748b4a8389068fbf163d6) Importer(815301076,1909f56bfc062723c751e8b465ee728b) [PhysX] Initialized MultithreadedTaskDispatcher with 20 workers.
[PhysX] Initialized MultithreadedTaskDispatcher with 20 workers.
 -> (artifact id: 'd45ce3a5df7026966ec39ea2eb2e1f31') in 0.094581 seconds
Number of updated asset objects reloaded before import = 0
Number of asset objects unloaded after import = 2
Editor requested this worker to shutdown with reason: Scaling down because of idle timeout
TcpMessagingSession - receive error: operation aborted. errorcode: 995, details: 스레드 종료 또는 응용 프로그램 요청 때문에 I/O 작업이 취소되었습니다.
AssetImportWorker is now disconnected from the server
Process exiting
Exiting without the bug reporter. Application will terminate with return code 0